
--- GLOBAL ERROR 2026-05-20T07:56:54.358Z ---
Only PDF, JPG, JPEG, PNG files allowed
